2026-09-24 00:13:29 1cmt_iv__rich__003 nlmixr2_focei returned 33.9s 
Calculating -2LL by Gaussian quadrature (nnodes=3,nsd=1.6)
2026-09-24 00:14:06 1cmt_iv__rich__003 nlmixr2_saem returned 36.4s 
2026-09-24 00:14:11 1cmt_iv__rich__003 saemix returned 4.7s 
2026-09-24 00:14:19 1cmt_iv__rich__008 nlmixr2_focei returned 7.9s 
Calculating -2LL by Gaussian quadrature (nnodes=3,nsd=1.6)
2026-09-24 00:14:41 1cmt_iv__rich__008 nlmixr2_saem returned 21.5s 
2026-09-24 00:14:46 1cmt_iv__rich__008 saemix returned 4.2s 
2026-09-24 00:14:52 1cmt_iv__rich__013 nlmixr2_focei returned 5.8s 
Calculating -2LL by Gaussian quadrature (nnodes=3,nsd=1.6)
2026-09-24 00:15:15 1cmt_iv__rich__013 nlmixr2_saem returned 22.7s 
2026-09-24 00:15:18 1cmt_iv__rich__013 saemix returned 2.9s 
2026-09-24 00:15:24 1cmt_iv__rich__018 nlmixr2_focei returned 6.2s 
Calculating -2LL by Gaussian quadrature (nnodes=3,nsd=1.6)
2026-09-24 00:15:51 1cmt_iv__rich__018 nlmixr2_saem returned 26.1s 
2026-09-24 00:15:54 1cmt_iv__rich__018 saemix returned 2.9s 
2026-09-24 00:15:59 1cmt_iv__rich__023 nlmixr2_focei returned 5.2s 
Calculating -2LL by Gaussian quadrature (nnodes=3,nsd=1.6)
2026-09-24 00:16:25 1cmt_iv__rich__023 nlmixr2_saem returned 25.2s 
2026-09-24 00:16:28 1cmt_iv__rich__023 saemix returned 3.2s 
2026-09-24 00:16:34 1cmt_iv__rich__028 nlmixr2_focei returned 5.4s 
Calculating -2LL by Gaussian quadrature (nnodes=3,nsd=1.6)
2026-09-24 00:17:01 1cmt_iv__rich__028 nlmixr2_saem returned 26.3s 
2026-09-24 00:17:05 1cmt_iv__rich__028 saemix returned 3.8s 
2026-09-24 00:17:11 1cmt_iv__rich__033 nlmixr2_focei returned 6.5s 
Calculating -2LL by Gaussian quadrature (nnodes=3,nsd=1.6)
2026-09-24 00:17:41 1cmt_iv__rich__033 nlmixr2_saem returned 29.2s 
2026-09-24 00:17:44 1cmt_iv__rich__033 saemix returned 2.4s 
2026-09-24 00:17:49 1cmt_iv__rich__038 nlmixr2_focei returned 5.2s 
Calculating -2LL by Gaussian quadrature (nnodes=3,nsd=1.6)
2026-09-24 00:18:24 1cmt_iv__rich__038 nlmixr2_saem returned 35.0s 
2026-09-24 00:18:27 1cmt_iv__rich__038 saemix returned 2.3s 
2026-09-24 00:18:31 1cmt_iv__rich__043 nlmixr2_focei returned 4.8s 
Calculating -2LL by Gaussian quadrature (nnodes=3,nsd=1.6)
2026-09-24 00:18:57 1cmt_iv__rich__043 nlmixr2_saem returned 25.1s 
2026-09-24 00:18:59 1cmt_iv__rich__043 saemix returned 2.5s 
2026-09-24 00:19:04 1cmt_iv__rich__048 nlmixr2_focei returned 4.2s 
Calculating -2LL by Gaussian quadrature (nnodes=3,nsd=1.6)
2026-09-24 00:19:13 1cmt_iv__rich__048 nlmixr2_saem returned 9.1s 
2026-09-24 00:19:14 1cmt_iv__rich__048 saemix returned 1.4s 
2026-09-24 00:19:17 1cmt_iv__rich__053 nlmixr2_focei returned 2.6s 
Calculating -2LL by Gaussian quadrature (nnodes=3,nsd=1.6)
2026-09-24 00:19:25 1cmt_iv__rich__053 nlmixr2_saem returned 8.3s 
2026-09-24 00:19:27 1cmt_iv__rich__053 saemix returned 1.6s 
2026-09-24 00:19:30 1cmt_iv__rich__058 nlmixr2_focei returned 2.5s 
Calculating -2LL by Gaussian quadrature (nnodes=3,nsd=1.6)
2026-09-24 00:19:39 1cmt_iv__rich__058 nlmixr2_saem returned 8.8s 
2026-09-24 00:19:40 1cmt_iv__rich__058 saemix returned 1.5s 
2026-09-24 00:19:43 1cmt_iv__rich__063 nlmixr2_focei returned 2.4s 
Calculating -2LL by Gaussian quadrature (nnodes=3,nsd=1.6)
2026-09-24 00:19:52 1cmt_iv__rich__063 nlmixr2_saem returned 9.0s 
2026-09-24 00:19:54 1cmt_iv__rich__063 saemix returned 2.4s 
2026-09-24 00:19:57 1cmt_iv__rich__068 nlmixr2_focei returned 2.3s 
Calculating -2LL by Gaussian quadrature (nnodes=3,nsd=1.6)
2026-09-24 00:20:06 1cmt_iv__rich__068 nlmixr2_saem returned 8.9s 
2026-09-24 00:20:07 1cmt_iv__rich__068 saemix returned 1.4s 
2026-09-24 00:20:10 1cmt_iv__rich__073 nlmixr2_focei returned 2.5s 
Calculating -2LL by Gaussian quadrature (nnodes=3,nsd=1.6)
2026-09-24 00:20:19 1cmt_iv__rich__073 nlmixr2_saem returned 9.5s 
2026-09-24 00:20:21 1cmt_iv__rich__073 saemix returned 1.5s 
2026-09-24 00:20:23 1cmt_iv__rich__078 nlmixr2_focei returned 2.4s 
Calculating -2LL by Gaussian quadrature (nnodes=3,nsd=1.6)
2026-09-24 00:20:33 1cmt_iv__rich__078 nlmixr2_saem returned 9.1s 
2026-09-24 00:20:34 1cmt_iv__rich__078 saemix returned 1.4s 
2026-09-24 00:20:37 1cmt_iv__rich__083 nlmixr2_focei returned 2.5s 
Calculating -2LL by Gaussian quadrature (nnodes=3,nsd=1.6)
2026-09-24 00:20:46 1cmt_iv__rich__083 nlmixr2_saem returned 9.6s 
2026-09-24 00:20:48 1cmt_iv__rich__083 saemix returned 1.5s 
2026-09-24 00:20:50 1cmt_iv__rich__088 nlmixr2_focei returned 2.5s 
Calculating -2LL by Gaussian quadrature (nnodes=3,nsd=1.6)
2026-09-24 00:21:00 1cmt_iv__rich__088 nlmixr2_saem returned 8.9s 
2026-09-24 00:21:01 1cmt_iv__rich__088 saemix returned 1.4s 
2026-09-24 00:21:04 1cmt_iv__rich__093 nlmixr2_focei returned 2.7s 
Calculating -2LL by Gaussian quadrature (nnodes=3,nsd=1.6)
2026-09-24 00:21:13 1cmt_iv__rich__093 nlmixr2_saem returned 9.1s 
2026-09-24 00:21:15 1cmt_iv__rich__093 saemix returned 1.6s 
2026-09-24 00:21:17 1cmt_iv__rich__098 nlmixr2_focei returned 2.6s 
Calculating -2LL by Gaussian quadrature (nnodes=3,nsd=1.6)
2026-09-24 00:21:26 1cmt_iv__rich__098 nlmixr2_saem returned 8.6s 
2026-09-24 00:21:28 1cmt_iv__rich__098 saemix returned 1.5s 
2026-09-24 00:21:30 1cmt_iv__sparse__003 nlmixr2_focei returned 2.0s 
Calculating -2LL by Gaussian quadrature (nnodes=3,nsd=1.6)
2026-09-24 00:21:36 1cmt_iv__sparse__003 nlmixr2_saem returned 5.6s 
2026-09-24 00:21:37 1cmt_iv__sparse__003 saemix returned 1.4s 
2026-09-24 00:21:39 1cmt_iv__sparse__008 nlmixr2_focei returned 2.1s 
Calculating -2LL by Gaussian quadrature (nnodes=3,nsd=1.6)
2026-09-24 00:21:45 1cmt_iv__sparse__008 nlmixr2_saem returned 5.3s 
2026-09-24 00:21:46 1cmt_iv__sparse__008 saemix returned 1.5s 
2026-09-24 00:21:48 1cmt_iv__sparse__013 nlmixr2_focei returned 2.2s 
Calculating -2LL by Gaussian quadrature (nnodes=3,nsd=1.6)
2026-09-24 00:21:55 1cmt_iv__sparse__013 nlmixr2_saem returned 6.1s 
2026-09-24 00:21:56 1cmt_iv__sparse__013 saemix returned 1.3s 
2026-09-24 00:21:58 1cmt_iv__sparse__018 nlmixr2_focei returned 2.0s 
Calculating -2LL by Gaussian quadrature (nnodes=3,nsd=1.6)
2026-09-24 00:22:03 1cmt_iv__sparse__018 nlmixr2_saem returned 5.2s 
2026-09-24 00:22:04 1cmt_iv__sparse__018 saemix returned 1.1s 
2026-09-24 00:22:07 1cmt_iv__sparse__023 nlmixr2_focei returned 2.1s 
Calculating -2LL by Gaussian quadrature (nnodes=3,nsd=1.6)
2026-09-24 00:22:12 1cmt_iv__sparse__023 nlmixr2_saem returned 5.3s 
2026-09-24 00:22:13 1cmt_iv__sparse__023 saemix returned 1.2s 
2026-09-24 00:22:16 1cmt_iv__sparse__028 nlmixr2_focei returned 2.2s 
Calculating -2LL by Gaussian quadrature (nnodes=3,nsd=1.6)
2026-09-24 00:22:21 1cmt_iv__sparse__028 nlmixr2_saem returned 4.9s 
2026-09-24 00:22:22 1cmt_iv__sparse__028 saemix returned 1.1s 
2026-09-24 00:22:24 1cmt_iv__sparse__033 nlmixr2_focei returned 1.9s 
Calculating -2LL by Gaussian quadrature (nnodes=3,nsd=1.6)
2026-09-24 00:22:29 1cmt_iv__sparse__033 nlmixr2_saem returned 4.9s 
2026-09-24 00:22:30 1cmt_iv__sparse__033 saemix returned 1.0s 
2026-09-24 00:22:32 1cmt_iv__sparse__038 nlmixr2_focei returned 2.0s 
Calculating -2LL by Gaussian quadrature (nnodes=3,nsd=1.6)
2026-09-24 00:22:37 1cmt_iv__sparse__038 nlmixr2_saem returned 5.4s 
2026-09-24 00:22:38 1cmt_iv__sparse__038 saemix returned 1.0s 
2026-09-24 00:22:40 1cmt_iv__sparse__043 nlmixr2_focei returned 2.0s 
Calculating -2LL by Gaussian quadrature (nnodes=3,nsd=1.6)
2026-09-24 00:22:46 1cmt_iv__sparse__043 nlmixr2_saem returned 5.4s 
2026-09-24 00:22:47 1cmt_iv__sparse__043 saemix returned 1.3s 
2026-09-24 00:22:50 1cmt_iv__sparse__048 nlmixr2_focei returned 2.8s 
Calculating -2LL by Gaussian quadrature (nnodes=3,nsd=1.6)
2026-09-24 00:22:56 1cmt_iv__sparse__048 nlmixr2_saem returned 5.1s 
2026-09-24 00:22:57 1cmt_iv__sparse__048 saemix returned 1.4s 
2026-09-24 00:22:59 1cmt_iv__sparse__053 nlmixr2_focei returned 2.2s 
Calculating -2LL by Gaussian quadrature (nnodes=3,nsd=1.6)
2026-09-24 00:23:05 1cmt_iv__sparse__053 nlmixr2_saem returned 5.1s 
2026-09-24 00:23:06 1cmt_iv__sparse__053 saemix returned 1.2s 
2026-09-24 00:23:08 1cmt_iv__sparse__058 nlmixr2_focei returned 2.2s 
Calculating -2LL by Gaussian quadrature (nnodes=3,nsd=1.6)
2026-09-24 00:23:13 1cmt_iv__sparse__058 nlmixr2_saem returned 5.2s 
2026-09-24 00:23:15 1cmt_iv__sparse__058 saemix returned 1.2s 
2026-09-24 00:23:17 1cmt_iv__sparse__063 nlmixr2_focei returned 2.1s 
Calculating -2LL by Gaussian quadrature (nnodes=3,nsd=1.6)
2026-09-24 00:23:22 1cmt_iv__sparse__063 nlmixr2_saem returned 4.9s 
2026-09-24 00:23:23 1cmt_iv__sparse__063 saemix returned 1.4s 
2026-09-24 00:23:25 1cmt_iv__sparse__068 nlmixr2_focei returned 2.0s 
Calculating -2LL by Gaussian quadrature (nnodes=3,nsd=1.6)
2026-09-24 00:23:31 1cmt_iv__sparse__068 nlmixr2_saem returned 5.3s 
2026-09-24 00:23:32 1cmt_iv__sparse__068 saemix returned 1.0s 
2026-09-24 00:23:34 1cmt_iv__sparse__073 nlmixr2_focei returned 2.0s 
Calculating -2LL by Gaussian quadrature (nnodes=3,nsd=1.6)
2026-09-24 00:23:39 1cmt_iv__sparse__073 nlmixr2_saem returned 4.9s 
2026-09-24 00:23:40 1cmt_iv__sparse__073 saemix returned 1.3s 
2026-09-24 00:23:42 1cmt_iv__sparse__078 nlmixr2_focei returned 2.1s 
Calculating -2LL by Gaussian quadrature (nnodes=3,nsd=1.6)
2026-09-24 00:23:48 1cmt_iv__sparse__078 nlmixr2_saem returned 5.2s 
2026-09-24 00:23:49 1cmt_iv__sparse__078 saemix returned 1.1s 
2026-09-24 00:23:51 1cmt_iv__sparse__083 nlmixr2_focei returned 2.5s 
Calculating -2LL by Gaussian quadrature (nnodes=3,nsd=1.6)
2026-09-24 00:23:57 1cmt_iv__sparse__083 nlmixr2_saem returned 5.2s 
2026-09-24 00:23:58 1cmt_iv__sparse__083 saemix returned 1.4s 
2026-09-24 00:24:00 1cmt_iv__sparse__088 nlmixr2_focei returned 2.1s 
Calculating -2LL by Gaussian quadrature (nnodes=3,nsd=1.6)
2026-09-24 00:24:06 1cmt_iv__sparse__088 nlmixr2_saem returned 5.1s 
2026-09-24 00:24:07 1cmt_iv__sparse__088 saemix returned 1.5s 
2026-09-24 00:24:10 1cmt_iv__sparse__093 nlmixr2_focei returned 2.7s 
Calculating -2LL by Gaussian quadrature (nnodes=3,nsd=1.6)
2026-09-24 00:24:16 1cmt_iv__sparse__093 nlmixr2_saem returned 5.7s 
2026-09-24 00:24:17 1cmt_iv__sparse__093 saemix returned 1.1s 
2026-09-24 00:24:19 1cmt_iv__sparse__098 nlmixr2_focei returned 2.1s 
Calculating -2LL by Gaussian quadrature (nnodes=3,nsd=1.6)
2026-09-24 00:24:25 1cmt_iv__sparse__098 nlmixr2_saem returned 5.2s 
2026-09-24 00:24:26 1cmt_iv__sparse__098 saemix returned 1.1s 
