2026-09-24 00:13:30 1cmt_iv__rich__004 nlmixr2_focei returned 33.7s 
Calculating -2LL by Gaussian quadrature (nnodes=3,nsd=1.6)
2026-09-24 00:14:15 1cmt_iv__rich__004 nlmixr2_saem returned 43.1s 
2026-09-24 00:14:19 1cmt_iv__rich__004 saemix returned 3.8s 
2026-09-24 00:14:24 1cmt_iv__rich__009 nlmixr2_focei returned 5.2s 
Calculating -2LL by Gaussian quadrature (nnodes=3,nsd=1.6)
2026-09-24 00:14:45 1cmt_iv__rich__009 nlmixr2_saem returned 19.9s 
2026-09-24 00:14:49 1cmt_iv__rich__009 saemix returned 3.4s 
2026-09-24 00:14:55 1cmt_iv__rich__014 nlmixr2_focei returned 5.8s 
Calculating -2LL by Gaussian quadrature (nnodes=3,nsd=1.6)
2026-09-24 00:15:16 1cmt_iv__rich__014 nlmixr2_saem returned 21.2s 
2026-09-24 00:15:20 1cmt_iv__rich__014 saemix returned 4.1s 
2026-09-24 00:15:27 1cmt_iv__rich__019 nlmixr2_focei returned 6.5s 
Calculating -2LL by Gaussian quadrature (nnodes=3,nsd=1.6)
2026-09-24 00:15:53 1cmt_iv__rich__019 nlmixr2_saem returned 25.7s 
2026-09-24 00:15:56 1cmt_iv__rich__019 saemix returned 2.8s 
2026-09-24 00:16:01 1cmt_iv__rich__024 nlmixr2_focei returned 4.9s 
Calculating -2LL by Gaussian quadrature (nnodes=3,nsd=1.6)
2026-09-24 00:16:25 1cmt_iv__rich__024 nlmixr2_saem returned 23.8s 
2026-09-24 00:16:28 1cmt_iv__rich__024 saemix returned 2.7s 
2026-09-24 00:16:34 1cmt_iv__rich__029 nlmixr2_focei returned 5.7s 
Calculating -2LL by Gaussian quadrature (nnodes=3,nsd=1.6)
2026-09-24 00:17:02 1cmt_iv__rich__029 nlmixr2_saem returned 26.9s 
2026-09-24 00:17:05 1cmt_iv__rich__029 saemix returned 3.7s 
2026-09-24 00:17:12 1cmt_iv__rich__034 nlmixr2_focei returned 6.5s 
Calculating -2LL by Gaussian quadrature (nnodes=3,nsd=1.6)
2026-09-24 00:17:40 1cmt_iv__rich__034 nlmixr2_saem returned 27.7s 
2026-09-24 00:17:43 1cmt_iv__rich__034 saemix returned 3.1s 
2026-09-24 00:17:48 1cmt_iv__rich__039 nlmixr2_focei returned 5.0s 
Calculating -2LL by Gaussian quadrature (nnodes=3,nsd=1.6)
2026-09-24 00:18:21 1cmt_iv__rich__039 nlmixr2_saem returned 32.6s 
2026-09-24 00:18:24 1cmt_iv__rich__039 saemix returned 2.6s 
2026-09-24 00:18:28 1cmt_iv__rich__044 nlmixr2_focei returned 4.4s 
Calculating -2LL by Gaussian quadrature (nnodes=3,nsd=1.6)
2026-09-24 00:18:55 1cmt_iv__rich__044 nlmixr2_saem returned 25.7s 
2026-09-24 00:18:56 1cmt_iv__rich__044 saemix returned 1.9s 
2026-09-24 00:19:01 1cmt_iv__rich__049 nlmixr2_focei returned 4.7s 
Calculating -2LL by Gaussian quadrature (nnodes=3,nsd=1.6)
2026-09-24 00:19:11 1cmt_iv__rich__049 nlmixr2_saem returned 9.9s 
2026-09-24 00:19:13 1cmt_iv__rich__049 saemix returned 1.6s 
2026-09-24 00:19:16 1cmt_iv__rich__054 nlmixr2_focei returned 2.7s 
Calculating -2LL by Gaussian quadrature (nnodes=3,nsd=1.6)
2026-09-24 00:19:25 1cmt_iv__rich__054 nlmixr2_saem returned 8.7s 
2026-09-24 00:19:26 1cmt_iv__rich__054 saemix returned 1.3s 
2026-09-24 00:19:28 1cmt_iv__rich__059 nlmixr2_focei returned 2.7s 
Calculating -2LL by Gaussian quadrature (nnodes=3,nsd=1.6)
2026-09-24 00:19:38 1cmt_iv__rich__059 nlmixr2_saem returned 9.1s 
2026-09-24 00:19:40 1cmt_iv__rich__059 saemix returned 1.6s 
2026-09-24 00:19:42 1cmt_iv__rich__064 nlmixr2_focei returned 2.6s 
Calculating -2LL by Gaussian quadrature (nnodes=3,nsd=1.6)
2026-09-24 00:19:52 1cmt_iv__rich__064 nlmixr2_saem returned 9.1s 
2026-09-24 00:19:53 1cmt_iv__rich__064 saemix returned 1.7s 
2026-09-24 00:19:56 1cmt_iv__rich__069 nlmixr2_focei returned 2.7s 
Calculating -2LL by Gaussian quadrature (nnodes=3,nsd=1.6)
2026-09-24 00:20:05 1cmt_iv__rich__069 nlmixr2_saem returned 9.1s 
2026-09-24 00:20:07 1cmt_iv__rich__069 saemix returned 1.4s 
2026-09-24 00:20:09 1cmt_iv__rich__074 nlmixr2_focei returned 2.6s 
Calculating -2LL by Gaussian quadrature (nnodes=3,nsd=1.6)
2026-09-24 00:20:19 1cmt_iv__rich__074 nlmixr2_saem returned 9.5s 
2026-09-24 00:20:20 1cmt_iv__rich__074 saemix returned 1.6s 
2026-09-24 00:20:23 1cmt_iv__rich__079 nlmixr2_focei returned 2.5s 
Calculating -2LL by Gaussian quadrature (nnodes=3,nsd=1.6)
2026-09-24 00:20:32 1cmt_iv__rich__079 nlmixr2_saem returned 9.3s 
2026-09-24 00:20:34 1cmt_iv__rich__079 saemix returned 1.4s 
2026-09-24 00:20:36 1cmt_iv__rich__084 nlmixr2_focei returned 2.3s 
Calculating -2LL by Gaussian quadrature (nnodes=3,nsd=1.6)
2026-09-24 00:20:46 1cmt_iv__rich__084 nlmixr2_saem returned 9.7s 
2026-09-24 00:20:48 1cmt_iv__rich__084 saemix returned 1.5s 
2026-09-24 00:20:50 1cmt_iv__rich__089 nlmixr2_focei returned 2.4s 
Calculating -2LL by Gaussian quadrature (nnodes=3,nsd=1.6)
2026-09-24 00:21:00 1cmt_iv__rich__089 nlmixr2_saem returned 9.3s 
2026-09-24 00:21:01 1cmt_iv__rich__089 saemix returned 1.4s 
2026-09-24 00:21:04 1cmt_iv__rich__094 nlmixr2_focei returned 2.7s 
Calculating -2LL by Gaussian quadrature (nnodes=3,nsd=1.6)
2026-09-24 00:21:13 1cmt_iv__rich__094 nlmixr2_saem returned 9.3s 
2026-09-24 00:21:15 1cmt_iv__rich__094 saemix returned 1.3s 
2026-09-24 00:21:17 1cmt_iv__rich__099 nlmixr2_focei returned 2.3s 
Calculating -2LL by Gaussian quadrature (nnodes=3,nsd=1.6)
2026-09-24 00:21:26 1cmt_iv__rich__099 nlmixr2_saem returned 8.8s 
2026-09-24 00:21:28 1cmt_iv__rich__099 saemix returned 1.6s 
2026-09-24 00:21:30 1cmt_iv__sparse__004 nlmixr2_focei returned 2.0s 
Calculating -2LL by Gaussian quadrature (nnodes=3,nsd=1.6)
2026-09-24 00:21:36 1cmt_iv__sparse__004 nlmixr2_saem returned 5.8s 
2026-09-24 00:21:37 1cmt_iv__sparse__004 saemix returned 1.3s 
2026-09-24 00:21:40 1cmt_iv__sparse__009 nlmixr2_focei returned 2.3s 
Calculating -2LL by Gaussian quadrature (nnodes=3,nsd=1.6)
2026-09-24 00:21:45 1cmt_iv__sparse__009 nlmixr2_saem returned 5.4s 
2026-09-24 00:21:47 1cmt_iv__sparse__009 saemix returned 1.5s 
2026-09-24 00:21:49 1cmt_iv__sparse__014 nlmixr2_focei returned 2.1s 
Calculating -2LL by Gaussian quadrature (nnodes=3,nsd=1.6)
2026-09-24 00:21:55 1cmt_iv__sparse__014 nlmixr2_saem returned 6.2s 
2026-09-24 00:21:56 1cmt_iv__sparse__014 saemix returned 1.2s 
2026-09-24 00:21:59 1cmt_iv__sparse__019 nlmixr2_focei returned 2.2s 
Calculating -2LL by Gaussian quadrature (nnodes=3,nsd=1.6)
2026-09-24 00:22:04 1cmt_iv__sparse__019 nlmixr2_saem returned 5.2s 
2026-09-24 00:22:05 1cmt_iv__sparse__019 saemix returned 1.1s 
2026-09-24 00:22:07 1cmt_iv__sparse__024 nlmixr2_focei returned 2.1s 
Calculating -2LL by Gaussian quadrature (nnodes=3,nsd=1.6)
2026-09-24 00:22:13 1cmt_iv__sparse__024 nlmixr2_saem returned 5.2s 
2026-09-24 00:22:14 1cmt_iv__sparse__024 saemix returned 1.1s 
2026-09-24 00:22:16 1cmt_iv__sparse__029 nlmixr2_focei returned 2.1s 
Calculating -2LL by Gaussian quadrature (nnodes=3,nsd=1.6)
2026-09-24 00:22:21 1cmt_iv__sparse__029 nlmixr2_saem returned 5.1s 
2026-09-24 00:22:23 1cmt_iv__sparse__029 saemix returned 1.6s 
2026-09-24 00:22:25 1cmt_iv__sparse__034 nlmixr2_focei returned 1.8s 
Calculating -2LL by Gaussian quadrature (nnodes=3,nsd=1.6)
2026-09-24 00:22:30 1cmt_iv__sparse__034 nlmixr2_saem returned 5.0s 
2026-09-24 00:22:32 1cmt_iv__sparse__034 saemix returned 1.5s 
2026-09-24 00:22:34 1cmt_iv__sparse__039 nlmixr2_focei returned 2.0s 
Calculating -2LL by Gaussian quadrature (nnodes=3,nsd=1.6)
2026-09-24 00:22:39 1cmt_iv__sparse__039 nlmixr2_saem returned 5.1s 
2026-09-24 00:22:40 1cmt_iv__sparse__039 saemix returned 1.1s 
2026-09-24 00:22:42 1cmt_iv__sparse__044 nlmixr2_focei returned 1.9s 
Calculating -2LL by Gaussian quadrature (nnodes=3,nsd=1.6)
2026-09-24 00:22:48 1cmt_iv__sparse__044 nlmixr2_saem returned 5.9s 
2026-09-24 00:22:50 1cmt_iv__sparse__044 saemix returned 1.4s 
2026-09-24 00:22:52 1cmt_iv__sparse__049 nlmixr2_focei returned 2.2s 
Calculating -2LL by Gaussian quadrature (nnodes=3,nsd=1.6)
2026-09-24 00:22:58 1cmt_iv__sparse__049 nlmixr2_saem returned 5.5s 
2026-09-24 00:22:59 1cmt_iv__sparse__049 saemix returned 1.3s 
2026-09-24 00:23:01 1cmt_iv__sparse__054 nlmixr2_focei returned 2.0s 
Calculating -2LL by Gaussian quadrature (nnodes=3,nsd=1.6)
2026-09-24 00:23:06 1cmt_iv__sparse__054 nlmixr2_saem returned 5.3s 
2026-09-24 00:23:08 1cmt_iv__sparse__054 saemix returned 1.2s 
2026-09-24 00:23:10 1cmt_iv__sparse__059 nlmixr2_focei returned 2.2s 
Calculating -2LL by Gaussian quadrature (nnodes=3,nsd=1.6)
2026-09-24 00:23:15 1cmt_iv__sparse__059 nlmixr2_saem returned 5.4s 
2026-09-24 00:23:17 1cmt_iv__sparse__059 saemix returned 1.5s 
2026-09-24 00:23:19 1cmt_iv__sparse__064 nlmixr2_focei returned 2.0s 
Calculating -2LL by Gaussian quadrature (nnodes=3,nsd=1.6)
2026-09-24 00:23:24 1cmt_iv__sparse__064 nlmixr2_saem returned 5.0s 
2026-09-24 00:23:25 1cmt_iv__sparse__064 saemix returned 1.1s 
2026-09-24 00:23:27 1cmt_iv__sparse__069 nlmixr2_focei returned 2.0s 
Calculating -2LL by Gaussian quadrature (nnodes=3,nsd=1.6)
2026-09-24 00:23:33 1cmt_iv__sparse__069 nlmixr2_saem returned 5.5s 
2026-09-24 00:23:34 1cmt_iv__sparse__069 saemix returned 1.3s 
2026-09-24 00:23:36 1cmt_iv__sparse__074 nlmixr2_focei returned 2.0s 
Calculating -2LL by Gaussian quadrature (nnodes=3,nsd=1.6)
2026-09-24 00:23:42 1cmt_iv__sparse__074 nlmixr2_saem returned 5.5s 
2026-09-24 00:23:43 1cmt_iv__sparse__074 saemix returned 1.2s 
2026-09-24 00:23:45 1cmt_iv__sparse__079 nlmixr2_focei returned 2.1s 
Calculating -2LL by Gaussian quadrature (nnodes=3,nsd=1.6)
2026-09-24 00:23:51 1cmt_iv__sparse__079 nlmixr2_saem returned 5.5s 
2026-09-24 00:23:52 1cmt_iv__sparse__079 saemix returned 1.1s 
2026-09-24 00:23:54 1cmt_iv__sparse__084 nlmixr2_focei returned 2.1s 
Calculating -2LL by Gaussian quadrature (nnodes=3,nsd=1.6)
2026-09-24 00:24:00 1cmt_iv__sparse__084 nlmixr2_saem returned 5.2s 
2026-09-24 00:24:01 1cmt_iv__sparse__084 saemix returned 1.1s 
2026-09-24 00:24:03 1cmt_iv__sparse__089 nlmixr2_focei returned 2.0s 
Calculating -2LL by Gaussian quadrature (nnodes=3,nsd=1.6)
2026-09-24 00:24:10 1cmt_iv__sparse__089 nlmixr2_saem returned 6.2s 
2026-09-24 00:24:11 1cmt_iv__sparse__089 saemix returned 1.4s 
2026-09-24 00:24:13 1cmt_iv__sparse__094 nlmixr2_focei returned 2.4s 
Calculating -2LL by Gaussian quadrature (nnodes=3,nsd=1.6)
2026-09-24 00:24:19 1cmt_iv__sparse__094 nlmixr2_saem returned 5.4s 
2026-09-24 00:24:20 1cmt_iv__sparse__094 saemix returned 1.1s 
2026-09-24 00:24:22 1cmt_iv__sparse__099 nlmixr2_focei returned 2.1s 
Calculating -2LL by Gaussian quadrature (nnodes=3,nsd=1.6)
2026-09-24 00:24:27 1cmt_iv__sparse__099 nlmixr2_saem returned 5.1s 
2026-09-24 00:24:29 1cmt_iv__sparse__099 saemix returned 1.2s 
