2026-09-24 00:13:30 1cmt_iv__rich__002 nlmixr2_focei returned 33.9s 
Calculating -2LL by Gaussian quadrature (nnodes=3,nsd=1.6)
2026-09-24 00:14:14 1cmt_iv__rich__002 nlmixr2_saem returned 44.0s 
2026-09-24 00:14:18 1cmt_iv__rich__002 saemix returned 3.4s 
2026-09-24 00:14:23 1cmt_iv__rich__007 nlmixr2_focei returned 5.4s 
Calculating -2LL by Gaussian quadrature (nnodes=3,nsd=1.6)
2026-09-24 00:14:45 1cmt_iv__rich__007 nlmixr2_saem returned 20.8s 
2026-09-24 00:14:49 1cmt_iv__rich__007 saemix returned 3.3s 
2026-09-24 00:14:54 1cmt_iv__rich__012 nlmixr2_focei returned 5.4s 
Calculating -2LL by Gaussian quadrature (nnodes=3,nsd=1.6)
2026-09-24 00:15:17 1cmt_iv__rich__012 nlmixr2_saem returned 22.2s 
2026-09-24 00:15:21 1cmt_iv__rich__012 saemix returned 4.4s 
2026-09-24 00:15:28 1cmt_iv__rich__017 nlmixr2_focei returned 6.2s 
Calculating -2LL by Gaussian quadrature (nnodes=3,nsd=1.6)
2026-09-24 00:15:52 1cmt_iv__rich__017 nlmixr2_saem returned 23.4s 
2026-09-24 00:15:54 1cmt_iv__rich__017 saemix returned 2.7s 
2026-09-24 00:16:00 1cmt_iv__rich__022 nlmixr2_focei returned 5.4s 
Calculating -2LL by Gaussian quadrature (nnodes=3,nsd=1.6)
2026-09-24 00:16:25 1cmt_iv__rich__022 nlmixr2_saem returned 24.6s 
2026-09-24 00:16:28 1cmt_iv__rich__022 saemix returned 2.8s 
2026-09-24 00:16:33 1cmt_iv__rich__027 nlmixr2_focei returned 5.0s 
Calculating -2LL by Gaussian quadrature (nnodes=3,nsd=1.6)
2026-09-24 00:16:59 1cmt_iv__rich__027 nlmixr2_saem returned 25.8s 
2026-09-24 00:17:03 1cmt_iv__rich__027 saemix returned 4.0s 
2026-09-24 00:17:10 1cmt_iv__rich__032 nlmixr2_focei returned 6.5s 
Calculating -2LL by Gaussian quadrature (nnodes=3,nsd=1.6)
2026-09-24 00:17:39 1cmt_iv__rich__032 nlmixr2_saem returned 28.5s 
2026-09-24 00:17:41 1cmt_iv__rich__032 saemix returned 2.5s 
2026-09-24 00:17:46 1cmt_iv__rich__037 nlmixr2_focei returned 4.5s 
Calculating -2LL by Gaussian quadrature (nnodes=3,nsd=1.6)
2026-09-24 00:18:13 1cmt_iv__rich__037 nlmixr2_saem returned 27.0s 
2026-09-24 00:18:16 1cmt_iv__rich__037 saemix returned 2.9s 
2026-09-24 00:18:22 1cmt_iv__rich__042 nlmixr2_focei returned 5.6s 
Calculating -2LL by Gaussian quadrature (nnodes=3,nsd=1.6)
2026-09-24 00:18:52 1cmt_iv__rich__042 nlmixr2_saem returned 29.9s 
2026-09-24 00:18:55 1cmt_iv__rich__042 saemix returned 2.5s 
2026-09-24 00:18:59 1cmt_iv__rich__047 nlmixr2_focei returned 4.4s 
Calculating -2LL by Gaussian quadrature (nnodes=3,nsd=1.6)
2026-09-24 00:19:10 1cmt_iv__rich__047 nlmixr2_saem returned 11.1s 
2026-09-24 00:19:12 1cmt_iv__rich__047 saemix returned 1.3s 
2026-09-24 00:19:14 1cmt_iv__rich__052 nlmixr2_focei returned 2.5s 
Calculating -2LL by Gaussian quadrature (nnodes=3,nsd=1.6)
2026-09-24 00:19:23 1cmt_iv__rich__052 nlmixr2_saem returned 8.8s 
2026-09-24 00:19:24 1cmt_iv__rich__052 saemix returned 1.3s 
2026-09-24 00:19:27 1cmt_iv__rich__057 nlmixr2_focei returned 2.3s 
Calculating -2LL by Gaussian quadrature (nnodes=3,nsd=1.6)
2026-09-24 00:19:36 1cmt_iv__rich__057 nlmixr2_saem returned 9.0s 
2026-09-24 00:19:38 1cmt_iv__rich__057 saemix returned 1.7s 
2026-09-24 00:19:40 1cmt_iv__rich__062 nlmixr2_focei returned 2.8s 
Calculating -2LL by Gaussian quadrature (nnodes=3,nsd=1.6)
2026-09-24 00:19:50 1cmt_iv__rich__062 nlmixr2_saem returned 8.9s 
2026-09-24 00:19:51 1cmt_iv__rich__062 saemix returned 1.6s 
2026-09-24 00:19:54 1cmt_iv__rich__067 nlmixr2_focei returned 2.4s 
Calculating -2LL by Gaussian quadrature (nnodes=3,nsd=1.6)
2026-09-24 00:20:03 1cmt_iv__rich__067 nlmixr2_saem returned 8.9s 
2026-09-24 00:20:04 1cmt_iv__rich__067 saemix returned 1.4s 
2026-09-24 00:20:07 1cmt_iv__rich__072 nlmixr2_focei returned 2.5s 
Calculating -2LL by Gaussian quadrature (nnodes=3,nsd=1.6)
2026-09-24 00:20:16 1cmt_iv__rich__072 nlmixr2_saem returned 9.2s 
2026-09-24 00:20:18 1cmt_iv__rich__072 saemix returned 1.6s 
2026-09-24 00:20:21 1cmt_iv__rich__077 nlmixr2_focei returned 2.7s 
Calculating -2LL by Gaussian quadrature (nnodes=3,nsd=1.6)
2026-09-24 00:20:30 1cmt_iv__rich__077 nlmixr2_saem returned 9.2s 
2026-09-24 00:20:32 1cmt_iv__rich__077 saemix returned 1.6s 
2026-09-24 00:20:34 1cmt_iv__rich__082 nlmixr2_focei returned 2.6s 
Calculating -2LL by Gaussian quadrature (nnodes=3,nsd=1.6)
2026-09-24 00:20:44 1cmt_iv__rich__082 nlmixr2_saem returned 9.4s 
2026-09-24 00:20:46 1cmt_iv__rich__082 saemix returned 1.8s 
2026-09-24 00:20:48 1cmt_iv__rich__087 nlmixr2_focei returned 2.6s 
Calculating -2LL by Gaussian quadrature (nnodes=3,nsd=1.6)
2026-09-24 00:20:58 1cmt_iv__rich__087 nlmixr2_saem returned 8.9s 
2026-09-24 00:20:59 1cmt_iv__rich__087 saemix returned 1.6s 
2026-09-24 00:21:02 1cmt_iv__rich__092 nlmixr2_focei returned 2.6s 
Calculating -2LL by Gaussian quadrature (nnodes=3,nsd=1.6)
2026-09-24 00:21:11 1cmt_iv__rich__092 nlmixr2_saem returned 9.4s 
2026-09-24 00:21:13 1cmt_iv__rich__092 saemix returned 1.4s 
2026-09-24 00:21:15 1cmt_iv__rich__097 nlmixr2_focei returned 2.4s 
Calculating -2LL by Gaussian quadrature (nnodes=3,nsd=1.6)
2026-09-24 00:21:24 1cmt_iv__rich__097 nlmixr2_saem returned 8.7s 
2026-09-24 00:21:26 1cmt_iv__rich__097 saemix returned 1.6s 
2026-09-24 00:21:28 1cmt_iv__sparse__002 nlmixr2_focei returned 1.9s 
Calculating -2LL by Gaussian quadrature (nnodes=3,nsd=1.6)
2026-09-24 00:21:33 1cmt_iv__sparse__002 nlmixr2_saem returned 5.1s 
2026-09-24 00:21:34 1cmt_iv__sparse__002 saemix returned 1.1s 
2026-09-24 00:21:37 1cmt_iv__sparse__007 nlmixr2_focei returned 2.8s 
Calculating -2LL by Gaussian quadrature (nnodes=3,nsd=1.6)
2026-09-24 00:21:43 1cmt_iv__sparse__007 nlmixr2_saem returned 5.4s 
2026-09-24 00:21:44 1cmt_iv__sparse__007 saemix returned 1.3s 
2026-09-24 00:21:46 1cmt_iv__sparse__012 nlmixr2_focei returned 2.3s 
Calculating -2LL by Gaussian quadrature (nnodes=3,nsd=1.6)
2026-09-24 00:21:52 1cmt_iv__sparse__012 nlmixr2_saem returned 5.6s 
2026-09-24 00:21:54 1cmt_iv__sparse__012 saemix returned 1.4s 
2026-09-24 00:21:56 1cmt_iv__sparse__017 nlmixr2_focei returned 2.3s 
Calculating -2LL by Gaussian quadrature (nnodes=3,nsd=1.6)
2026-09-24 00:22:01 1cmt_iv__sparse__017 nlmixr2_saem returned 5.3s 
2026-09-24 00:22:02 1cmt_iv__sparse__017 saemix returned 1.1s 
2026-09-24 00:22:05 1cmt_iv__sparse__022 nlmixr2_focei returned 2.1s 
Calculating -2LL by Gaussian quadrature (nnodes=3,nsd=1.6)
2026-09-24 00:22:10 1cmt_iv__sparse__022 nlmixr2_saem returned 5.3s 
2026-09-24 00:22:11 1cmt_iv__sparse__022 saemix returned 1.1s 
2026-09-24 00:22:13 1cmt_iv__sparse__027 nlmixr2_focei returned 2.1s 
Calculating -2LL by Gaussian quadrature (nnodes=3,nsd=1.6)
2026-09-24 00:22:19 1cmt_iv__sparse__027 nlmixr2_saem returned 5.0s 
2026-09-24 00:22:20 1cmt_iv__sparse__027 saemix returned 1.0s 
2026-09-24 00:22:22 1cmt_iv__sparse__032 nlmixr2_focei returned 2.0s 
Calculating -2LL by Gaussian quadrature (nnodes=3,nsd=1.6)
2026-09-24 00:22:27 1cmt_iv__sparse__032 nlmixr2_saem returned 4.9s 
2026-09-24 00:22:28 1cmt_iv__sparse__032 saemix returned 1.1s 
2026-09-24 00:22:30 1cmt_iv__sparse__037 nlmixr2_focei returned 1.9s 
Calculating -2LL by Gaussian quadrature (nnodes=3,nsd=1.6)
2026-09-24 00:22:35 1cmt_iv__sparse__037 nlmixr2_saem returned 5.4s 
2026-09-24 00:22:37 1cmt_iv__sparse__037 saemix returned 1.4s 
2026-09-24 00:22:39 1cmt_iv__sparse__042 nlmixr2_focei returned 2.0s 
Calculating -2LL by Gaussian quadrature (nnodes=3,nsd=1.6)
2026-09-24 00:22:44 1cmt_iv__sparse__042 nlmixr2_saem returned 5.2s 
2026-09-24 00:22:46 1cmt_iv__sparse__042 saemix returned 1.2s 
2026-09-24 00:22:48 1cmt_iv__sparse__047 nlmixr2_focei returned 2.7s 
Calculating -2LL by Gaussian quadrature (nnodes=3,nsd=1.6)
2026-09-24 00:22:54 1cmt_iv__sparse__047 nlmixr2_saem returned 5.6s 
2026-09-24 00:22:56 1cmt_iv__sparse__047 saemix returned 1.4s 
2026-09-24 00:22:58 1cmt_iv__sparse__052 nlmixr2_focei returned 2.3s 
Calculating -2LL by Gaussian quadrature (nnodes=3,nsd=1.6)
2026-09-24 00:23:03 1cmt_iv__sparse__052 nlmixr2_saem returned 5.2s 
2026-09-24 00:23:04 1cmt_iv__sparse__052 saemix returned 1.1s 
2026-09-24 00:23:06 1cmt_iv__sparse__057 nlmixr2_focei returned 2.0s 
Calculating -2LL by Gaussian quadrature (nnodes=3,nsd=1.6)
2026-09-24 00:23:12 1cmt_iv__sparse__057 nlmixr2_saem returned 5.3s 
2026-09-24 00:23:13 1cmt_iv__sparse__057 saemix returned 1.1s 
2026-09-24 00:23:15 1cmt_iv__sparse__062 nlmixr2_focei returned 2.1s 
Calculating -2LL by Gaussian quadrature (nnodes=3,nsd=1.6)
2026-09-24 00:23:21 1cmt_iv__sparse__062 nlmixr2_saem returned 5.2s 
2026-09-24 00:23:22 1cmt_iv__sparse__062 saemix returned 1.1s 
2026-09-24 00:23:24 1cmt_iv__sparse__067 nlmixr2_focei returned 1.9s 
Calculating -2LL by Gaussian quadrature (nnodes=3,nsd=1.6)
2026-09-24 00:23:29 1cmt_iv__sparse__067 nlmixr2_saem returned 5.2s 
2026-09-24 00:23:30 1cmt_iv__sparse__067 saemix returned 1.2s 
2026-09-24 00:23:32 1cmt_iv__sparse__072 nlmixr2_focei returned 2.0s 
Calculating -2LL by Gaussian quadrature (nnodes=3,nsd=1.6)
2026-09-24 00:23:37 1cmt_iv__sparse__072 nlmixr2_saem returned 4.9s 
2026-09-24 00:23:38 1cmt_iv__sparse__072 saemix returned 1.1s 
2026-09-24 00:23:41 1cmt_iv__sparse__077 nlmixr2_focei returned 2.3s 
Calculating -2LL by Gaussian quadrature (nnodes=3,nsd=1.6)
2026-09-24 00:23:46 1cmt_iv__sparse__077 nlmixr2_saem returned 5.4s 
2026-09-24 00:23:48 1cmt_iv__sparse__077 saemix returned 1.2s 
2026-09-24 00:23:50 1cmt_iv__sparse__082 nlmixr2_focei returned 2.1s 
Calculating -2LL by Gaussian quadrature (nnodes=3,nsd=1.6)
2026-09-24 00:23:56 1cmt_iv__sparse__082 nlmixr2_saem returned 5.6s 
2026-09-24 00:23:57 1cmt_iv__sparse__082 saemix returned 1.3s 
2026-09-24 00:23:59 1cmt_iv__sparse__087 nlmixr2_focei returned 2.2s 
Calculating -2LL by Gaussian quadrature (nnodes=3,nsd=1.6)
2026-09-24 00:24:04 1cmt_iv__sparse__087 nlmixr2_saem returned 5.0s 
2026-09-24 00:24:06 1cmt_iv__sparse__087 saemix returned 1.4s 
2026-09-24 00:24:09 1cmt_iv__sparse__092 nlmixr2_focei returned 3.1s 
Calculating -2LL by Gaussian quadrature (nnodes=3,nsd=1.6)
2026-09-24 00:24:15 1cmt_iv__sparse__092 nlmixr2_saem returned 6.0s 
2026-09-24 00:24:16 1cmt_iv__sparse__092 saemix returned 1.1s 
2026-09-24 00:24:18 1cmt_iv__sparse__097 nlmixr2_focei returned 2.2s 
Calculating -2LL by Gaussian quadrature (nnodes=3,nsd=1.6)
2026-09-24 00:24:24 1cmt_iv__sparse__097 nlmixr2_saem returned 5.3s 
2026-09-24 00:24:25 1cmt_iv__sparse__097 saemix returned 1.1s 
