2026-09-24 00:13:30 1cmt_iv__rich__001 nlmixr2_focei returned 33.4s 
Calculating -2LL by Gaussian quadrature (nnodes=3,nsd=1.6)
2026-09-24 00:14:07 1cmt_iv__rich__001 nlmixr2_saem returned 36.1s 
2026-09-24 00:14:12 1cmt_iv__rich__001 saemix returned 4.8s 
2026-09-24 00:14:19 1cmt_iv__rich__006 nlmixr2_focei returned 7.5s 
Calculating -2LL by Gaussian quadrature (nnodes=3,nsd=1.6)
2026-09-24 00:14:41 1cmt_iv__rich__006 nlmixr2_saem returned 20.9s 
2026-09-24 00:14:44 1cmt_iv__rich__006 saemix returned 3.0s 
2026-09-24 00:14:49 1cmt_iv__rich__011 nlmixr2_focei returned 5.3s 
Calculating -2LL by Gaussian quadrature (nnodes=3,nsd=1.6)
2026-09-24 00:15:12 1cmt_iv__rich__011 nlmixr2_saem returned 22.4s 
2026-09-24 00:15:15 1cmt_iv__rich__011 saemix returned 3.2s 
2026-09-24 00:15:22 1cmt_iv__rich__016 nlmixr2_focei returned 6.2s 
Calculating -2LL by Gaussian quadrature (nnodes=3,nsd=1.6)
2026-09-24 00:15:50 1cmt_iv__rich__016 nlmixr2_saem returned 27.6s 
2026-09-24 00:15:53 1cmt_iv__rich__016 saemix returned 2.8s 
2026-09-24 00:15:59 1cmt_iv__rich__021 nlmixr2_focei returned 5.9s 
Calculating -2LL by Gaussian quadrature (nnodes=3,nsd=1.6)
2026-09-24 00:16:26 1cmt_iv__rich__021 nlmixr2_saem returned 27.2s 
2026-09-24 00:16:29 1cmt_iv__rich__021 saemix returned 2.7s 
2026-09-24 00:16:34 1cmt_iv__rich__026 nlmixr2_focei returned 5.3s 
Calculating -2LL by Gaussian quadrature (nnodes=3,nsd=1.6)
2026-09-24 00:17:00 1cmt_iv__rich__026 nlmixr2_saem returned 25.0s 
2026-09-24 00:17:05 1cmt_iv__rich__026 saemix returned 4.7s 
2026-09-24 00:17:12 1cmt_iv__rich__031 nlmixr2_focei returned 7.0s 
Calculating -2LL by Gaussian quadrature (nnodes=3,nsd=1.6)
2026-09-24 00:17:38 1cmt_iv__rich__031 nlmixr2_saem returned 25.4s 
2026-09-24 00:17:41 1cmt_iv__rich__031 saemix returned 2.9s 
2026-09-24 00:17:46 1cmt_iv__rich__036 nlmixr2_focei returned 4.9s 
Calculating -2LL by Gaussian quadrature (nnodes=3,nsd=1.6)
2026-09-24 00:18:11 1cmt_iv__rich__036 nlmixr2_saem returned 25.2s 
2026-09-24 00:18:14 1cmt_iv__rich__036 saemix returned 2.7s 
2026-09-24 00:18:19 1cmt_iv__rich__041 nlmixr2_focei returned 4.9s 
Calculating -2LL by Gaussian quadrature (nnodes=3,nsd=1.6)
2026-09-24 00:18:52 1cmt_iv__rich__041 nlmixr2_saem returned 32.3s 
2026-09-24 00:18:54 1cmt_iv__rich__041 saemix returned 2.5s 
2026-09-24 00:18:58 1cmt_iv__rich__046 nlmixr2_focei returned 4.1s 
Calculating -2LL by Gaussian quadrature (nnodes=3,nsd=1.6)
2026-09-24 00:19:10 1cmt_iv__rich__046 nlmixr2_saem returned 11.2s 
2026-09-24 00:19:11 1cmt_iv__rich__046 saemix returned 1.3s 
2026-09-24 00:19:14 1cmt_iv__rich__051 nlmixr2_focei returned 2.5s 
Calculating -2LL by Gaussian quadrature (nnodes=3,nsd=1.6)
2026-09-24 00:19:23 1cmt_iv__rich__051 nlmixr2_saem returned 8.7s 
2026-09-24 00:19:24 1cmt_iv__rich__051 saemix returned 1.5s 
2026-09-24 00:19:26 1cmt_iv__rich__056 nlmixr2_focei returned 2.2s 
Calculating -2LL by Gaussian quadrature (nnodes=3,nsd=1.6)
2026-09-24 00:19:35 1cmt_iv__rich__056 nlmixr2_saem returned 8.9s 
2026-09-24 00:19:37 1cmt_iv__rich__056 saemix returned 1.7s 
2026-09-24 00:19:40 1cmt_iv__rich__061 nlmixr2_focei returned 2.7s 
Calculating -2LL by Gaussian quadrature (nnodes=3,nsd=1.6)
2026-09-24 00:19:49 1cmt_iv__rich__061 nlmixr2_saem returned 8.9s 
2026-09-24 00:19:51 1cmt_iv__rich__061 saemix returned 1.7s 
2026-09-24 00:19:53 1cmt_iv__rich__066 nlmixr2_focei returned 2.3s 
Calculating -2LL by Gaussian quadrature (nnodes=3,nsd=1.6)
2026-09-24 00:20:02 1cmt_iv__rich__066 nlmixr2_saem returned 9.0s 
2026-09-24 00:20:04 1cmt_iv__rich__066 saemix returned 1.3s 
2026-09-24 00:20:06 1cmt_iv__rich__071 nlmixr2_focei returned 2.5s 
Calculating -2LL by Gaussian quadrature (nnodes=3,nsd=1.6)
2026-09-24 00:20:16 1cmt_iv__rich__071 nlmixr2_saem returned 9.4s 
2026-09-24 00:20:18 1cmt_iv__rich__071 saemix returned 1.9s 
2026-09-24 00:20:20 1cmt_iv__rich__076 nlmixr2_focei returned 2.6s 
Calculating -2LL by Gaussian quadrature (nnodes=3,nsd=1.6)
2026-09-24 00:20:30 1cmt_iv__rich__076 nlmixr2_saem returned 9.1s 
2026-09-24 00:20:31 1cmt_iv__rich__076 saemix returned 1.4s 
2026-09-24 00:20:33 1cmt_iv__rich__081 nlmixr2_focei returned 2.5s 
Calculating -2LL by Gaussian quadrature (nnodes=3,nsd=1.6)
2026-09-24 00:20:43 1cmt_iv__rich__081 nlmixr2_saem returned 9.3s 
2026-09-24 00:20:45 1cmt_iv__rich__081 saemix returned 2.1s 
2026-09-24 00:20:48 1cmt_iv__rich__086 nlmixr2_focei returned 2.9s 
Calculating -2LL by Gaussian quadrature (nnodes=3,nsd=1.6)
2026-09-24 00:20:57 1cmt_iv__rich__086 nlmixr2_saem returned 8.8s 
2026-09-24 00:20:59 1cmt_iv__rich__086 saemix returned 1.4s 
2026-09-24 00:21:01 1cmt_iv__rich__091 nlmixr2_focei returned 2.6s 
Calculating -2LL by Gaussian quadrature (nnodes=3,nsd=1.6)
2026-09-24 00:21:11 1cmt_iv__rich__091 nlmixr2_saem returned 9.3s 
2026-09-24 00:21:12 1cmt_iv__rich__091 saemix returned 1.3s 
2026-09-24 00:21:15 1cmt_iv__rich__096 nlmixr2_focei returned 2.5s 
Calculating -2LL by Gaussian quadrature (nnodes=3,nsd=1.6)
2026-09-24 00:21:23 1cmt_iv__rich__096 nlmixr2_saem returned 8.7s 
2026-09-24 00:21:25 1cmt_iv__rich__096 saemix returned 1.3s 
2026-09-24 00:21:27 1cmt_iv__sparse__001 nlmixr2_focei returned 1.9s 
Calculating -2LL by Gaussian quadrature (nnodes=3,nsd=1.6)
2026-09-24 00:21:32 1cmt_iv__sparse__001 nlmixr2_saem returned 5.0s 
2026-09-24 00:21:33 1cmt_iv__sparse__001 saemix returned 1.1s 
2026-09-24 00:21:36 1cmt_iv__sparse__006 nlmixr2_focei returned 2.8s 
Calculating -2LL by Gaussian quadrature (nnodes=3,nsd=1.6)
2026-09-24 00:21:42 1cmt_iv__sparse__006 nlmixr2_saem returned 5.6s 
2026-09-24 00:21:43 1cmt_iv__sparse__006 saemix returned 1.2s 
2026-09-24 00:21:45 1cmt_iv__sparse__011 nlmixr2_focei returned 2.0s 
Calculating -2LL by Gaussian quadrature (nnodes=3,nsd=1.6)
2026-09-24 00:21:51 1cmt_iv__sparse__011 nlmixr2_saem returned 5.6s 
2026-09-24 00:21:52 1cmt_iv__sparse__011 saemix returned 1.3s 
2026-09-24 00:21:55 1cmt_iv__sparse__016 nlmixr2_focei returned 2.7s 
Calculating -2LL by Gaussian quadrature (nnodes=3,nsd=1.6)
2026-09-24 00:22:01 1cmt_iv__sparse__016 nlmixr2_saem returned 5.5s 
2026-09-24 00:22:02 1cmt_iv__sparse__016 saemix returned 1.1s 
2026-09-24 00:22:04 1cmt_iv__sparse__021 nlmixr2_focei returned 2.1s 
Calculating -2LL by Gaussian quadrature (nnodes=3,nsd=1.6)
2026-09-24 00:22:09 1cmt_iv__sparse__021 nlmixr2_saem returned 5.2s 
2026-09-24 00:22:10 1cmt_iv__sparse__021 saemix returned 1.2s 
2026-09-24 00:22:12 1cmt_iv__sparse__026 nlmixr2_focei returned 2.1s 
Calculating -2LL by Gaussian quadrature (nnodes=3,nsd=1.6)
2026-09-24 00:22:18 1cmt_iv__sparse__026 nlmixr2_saem returned 5.1s 
2026-09-24 00:22:19 1cmt_iv__sparse__026 saemix returned 1.1s 
2026-09-24 00:22:21 1cmt_iv__sparse__031 nlmixr2_focei returned 2.1s 
Calculating -2LL by Gaussian quadrature (nnodes=3,nsd=1.6)
2026-09-24 00:22:26 1cmt_iv__sparse__031 nlmixr2_saem returned 4.9s 
2026-09-24 00:22:27 1cmt_iv__sparse__031 saemix returned 1.3s 
2026-09-24 00:22:29 1cmt_iv__sparse__036 nlmixr2_focei returned 2.0s 
Calculating -2LL by Gaussian quadrature (nnodes=3,nsd=1.6)
2026-09-24 00:22:35 1cmt_iv__sparse__036 nlmixr2_saem returned 5.2s 
2026-09-24 00:22:36 1cmt_iv__sparse__036 saemix returned 1.1s 
2026-09-24 00:22:38 1cmt_iv__sparse__041 nlmixr2_focei returned 2.0s 
Calculating -2LL by Gaussian quadrature (nnodes=3,nsd=1.6)
2026-09-24 00:22:43 1cmt_iv__sparse__041 nlmixr2_saem returned 5.1s 
2026-09-24 00:22:45 1cmt_iv__sparse__041 saemix returned 1.4s 
2026-09-24 00:22:47 1cmt_iv__sparse__046 nlmixr2_focei returned 2.5s 
Calculating -2LL by Gaussian quadrature (nnodes=3,nsd=1.6)
2026-09-24 00:22:53 1cmt_iv__sparse__046 nlmixr2_saem returned 5.7s 
2026-09-24 00:22:54 1cmt_iv__sparse__046 saemix returned 1.0s 
2026-09-24 00:22:56 1cmt_iv__sparse__051 nlmixr2_focei returned 2.3s 
Calculating -2LL by Gaussian quadrature (nnodes=3,nsd=1.6)
2026-09-24 00:23:02 1cmt_iv__sparse__051 nlmixr2_saem returned 5.4s 
2026-09-24 00:23:03 1cmt_iv__sparse__051 saemix returned 1.3s 
2026-09-24 00:23:05 1cmt_iv__sparse__056 nlmixr2_focei returned 1.8s 
Calculating -2LL by Gaussian quadrature (nnodes=3,nsd=1.6)
2026-09-24 00:23:11 1cmt_iv__sparse__056 nlmixr2_saem returned 5.3s 
2026-09-24 00:23:12 1cmt_iv__sparse__056 saemix returned 1.2s 
2026-09-24 00:23:14 1cmt_iv__sparse__061 nlmixr2_focei returned 2.1s 
Calculating -2LL by Gaussian quadrature (nnodes=3,nsd=1.6)
2026-09-24 00:23:19 1cmt_iv__sparse__061 nlmixr2_saem returned 5.2s 
2026-09-24 00:23:21 1cmt_iv__sparse__061 saemix returned 1.3s 
2026-09-24 00:23:23 1cmt_iv__sparse__066 nlmixr2_focei returned 1.9s 
Calculating -2LL by Gaussian quadrature (nnodes=3,nsd=1.6)
2026-09-24 00:23:28 1cmt_iv__sparse__066 nlmixr2_saem returned 5.1s 
2026-09-24 00:23:29 1cmt_iv__sparse__066 saemix returned 1.2s 
2026-09-24 00:23:31 1cmt_iv__sparse__071 nlmixr2_focei returned 1.9s 
Calculating -2LL by Gaussian quadrature (nnodes=3,nsd=1.6)
2026-09-24 00:23:36 1cmt_iv__sparse__071 nlmixr2_saem returned 5.1s 
2026-09-24 00:23:38 1cmt_iv__sparse__071 saemix returned 1.1s 
2026-09-24 00:23:40 1cmt_iv__sparse__076 nlmixr2_focei returned 2.2s 
Calculating -2LL by Gaussian quadrature (nnodes=3,nsd=1.6)
2026-09-24 00:23:46 1cmt_iv__sparse__076 nlmixr2_saem returned 5.5s 
2026-09-24 00:23:47 1cmt_iv__sparse__076 saemix returned 1.1s 
2026-09-24 00:23:49 1cmt_iv__sparse__081 nlmixr2_focei returned 2.0s 
Calculating -2LL by Gaussian quadrature (nnodes=3,nsd=1.6)
2026-09-24 00:23:54 1cmt_iv__sparse__081 nlmixr2_saem returned 5.4s 
2026-09-24 00:23:56 1cmt_iv__sparse__081 saemix returned 1.2s 
2026-09-24 00:23:58 1cmt_iv__sparse__086 nlmixr2_focei returned 2.0s 
Calculating -2LL by Gaussian quadrature (nnodes=3,nsd=1.6)
2026-09-24 00:24:03 1cmt_iv__sparse__086 nlmixr2_saem returned 5.0s 
2026-09-24 00:24:04 1cmt_iv__sparse__086 saemix returned 1.1s 
2026-09-24 00:24:06 1cmt_iv__sparse__091 nlmixr2_focei returned 2.1s 
Calculating -2LL by Gaussian quadrature (nnodes=3,nsd=1.6)
2026-09-24 00:24:13 1cmt_iv__sparse__091 nlmixr2_saem returned 6.7s 
2026-09-24 00:24:14 1cmt_iv__sparse__091 saemix returned 1.1s 
2026-09-24 00:24:16 1cmt_iv__sparse__096 nlmixr2_focei returned 2.1s 
Calculating -2LL by Gaussian quadrature (nnodes=3,nsd=1.6)
2026-09-24 00:24:22 1cmt_iv__sparse__096 nlmixr2_saem returned 5.2s 
2026-09-24 00:24:23 1cmt_iv__sparse__096 saemix returned 1.2s 
