2026-09-24 00:13:30 1cmt_iv__rich__000 nlmixr2_focei returned 33.8s 
Calculating -2LL by Gaussian quadrature (nnodes=3,nsd=1.6)
2026-09-24 00:14:11 1cmt_iv__rich__000 nlmixr2_saem returned 40.1s 
2026-09-24 00:14:16 1cmt_iv__rich__000 saemix returned 4.5s 
2026-09-24 00:14:23 1cmt_iv__rich__005 nlmixr2_focei returned 6.8s 
Calculating -2LL by Gaussian quadrature (nnodes=3,nsd=1.6)
2026-09-24 00:14:46 1cmt_iv__rich__005 nlmixr2_saem returned 22.7s 
2026-09-24 00:14:50 1cmt_iv__rich__005 saemix returned 3.8s 
2026-09-24 00:14:56 1cmt_iv__rich__010 nlmixr2_focei returned 5.5s 
Calculating -2LL by Gaussian quadrature (nnodes=3,nsd=1.6)
2026-09-24 00:15:23 1cmt_iv__rich__010 nlmixr2_saem returned 26.3s 
2026-09-24 00:15:27 1cmt_iv__rich__010 saemix returned 4.2s 
2026-09-24 00:15:33 1cmt_iv__rich__015 nlmixr2_focei returned 5.7s 
Calculating -2LL by Gaussian quadrature (nnodes=3,nsd=1.6)
2026-09-24 00:16:00 1cmt_iv__rich__015 nlmixr2_saem returned 26.2s 
2026-09-24 00:16:02 1cmt_iv__rich__015 saemix returned 2.8s 
2026-09-24 00:16:08 1cmt_iv__rich__020 nlmixr2_focei returned 5.8s 
Calculating -2LL by Gaussian quadrature (nnodes=3,nsd=1.6)
2026-09-24 00:16:37 1cmt_iv__rich__020 nlmixr2_saem returned 28.1s 
2026-09-24 00:16:40 1cmt_iv__rich__020 saemix returned 3.0s 
2026-09-24 00:16:46 1cmt_iv__rich__025 nlmixr2_focei returned 6.1s 
Calculating -2LL by Gaussian quadrature (nnodes=3,nsd=1.6)
2026-09-24 00:17:19 1cmt_iv__rich__025 nlmixr2_saem returned 32.1s 
2026-09-24 00:17:22 1cmt_iv__rich__025 saemix returned 3.4s 
2026-09-24 00:17:27 1cmt_iv__rich__030 nlmixr2_focei returned 5.2s 
Calculating -2LL by Gaussian quadrature (nnodes=3,nsd=1.6)
2026-09-24 00:17:56 1cmt_iv__rich__030 nlmixr2_saem returned 28.7s 
2026-09-24 00:17:59 1cmt_iv__rich__030 saemix returned 2.4s 
2026-09-24 00:18:04 1cmt_iv__rich__035 nlmixr2_focei returned 4.9s 
Calculating -2LL by Gaussian quadrature (nnodes=3,nsd=1.6)
2026-09-24 00:18:40 1cmt_iv__rich__035 nlmixr2_saem returned 35.8s 
2026-09-24 00:18:45 1cmt_iv__rich__035 saemix returned 5.4s 
2026-09-24 00:18:50 1cmt_iv__rich__040 nlmixr2_focei returned 4.5s 
Calculating -2LL by Gaussian quadrature (nnodes=3,nsd=1.6)
2026-09-24 00:19:06 1cmt_iv__rich__040 nlmixr2_saem returned 15.8s 
2026-09-24 00:19:07 1cmt_iv__rich__040 saemix returned 1.3s 
2026-09-24 00:19:10 1cmt_iv__rich__045 nlmixr2_focei returned 2.3s 
Calculating -2LL by Gaussian quadrature (nnodes=3,nsd=1.6)
2026-09-24 00:19:19 1cmt_iv__rich__045 nlmixr2_saem returned 8.9s 
2026-09-24 00:19:20 1cmt_iv__rich__045 saemix returned 1.5s 
2026-09-24 00:19:23 1cmt_iv__rich__050 nlmixr2_focei returned 2.4s 
Calculating -2LL by Gaussian quadrature (nnodes=3,nsd=1.6)
2026-09-24 00:19:32 1cmt_iv__rich__050 nlmixr2_saem returned 8.7s 
2026-09-24 00:19:34 1cmt_iv__rich__050 saemix returned 1.8s 
2026-09-24 00:19:36 1cmt_iv__rich__055 nlmixr2_focei returned 2.4s 
Calculating -2LL by Gaussian quadrature (nnodes=3,nsd=1.6)
2026-09-24 00:19:45 1cmt_iv__rich__055 nlmixr2_saem returned 9.4s 
2026-09-24 00:19:47 1cmt_iv__rich__055 saemix returned 1.3s 
2026-09-24 00:19:49 1cmt_iv__rich__060 nlmixr2_focei returned 2.4s 
Calculating -2LL by Gaussian quadrature (nnodes=3,nsd=1.6)
2026-09-24 00:19:58 1cmt_iv__rich__060 nlmixr2_saem returned 8.9s 
2026-09-24 00:20:00 1cmt_iv__rich__060 saemix returned 1.3s 
2026-09-24 00:20:02 1cmt_iv__rich__065 nlmixr2_focei returned 2.3s 
Calculating -2LL by Gaussian quadrature (nnodes=3,nsd=1.6)
2026-09-24 00:20:11 1cmt_iv__rich__065 nlmixr2_saem returned 9.1s 
2026-09-24 00:20:13 1cmt_iv__rich__065 saemix returned 1.7s 
2026-09-24 00:20:16 1cmt_iv__rich__070 nlmixr2_focei returned 2.7s 
Calculating -2LL by Gaussian quadrature (nnodes=3,nsd=1.6)
2026-09-24 00:20:25 1cmt_iv__rich__070 nlmixr2_saem returned 9.3s 
2026-09-24 00:20:27 1cmt_iv__rich__070 saemix returned 1.6s 
2026-09-24 00:20:30 1cmt_iv__rich__075 nlmixr2_focei returned 2.5s 
Calculating -2LL by Gaussian quadrature (nnodes=3,nsd=1.6)
2026-09-24 00:20:39 1cmt_iv__rich__075 nlmixr2_saem returned 9.0s 
2026-09-24 00:20:41 1cmt_iv__rich__075 saemix returned 1.8s 
2026-09-24 00:20:43 1cmt_iv__rich__080 nlmixr2_focei returned 2.7s 
Calculating -2LL by Gaussian quadrature (nnodes=3,nsd=1.6)
2026-09-24 00:20:53 1cmt_iv__rich__080 nlmixr2_saem returned 9.6s 
2026-09-24 00:20:55 1cmt_iv__rich__080 saemix returned 1.8s 
2026-09-24 00:20:57 1cmt_iv__rich__085 nlmixr2_focei returned 2.4s 
Calculating -2LL by Gaussian quadrature (nnodes=3,nsd=1.6)
2026-09-24 00:21:07 1cmt_iv__rich__085 nlmixr2_saem returned 9.3s 
2026-09-24 00:21:08 1cmt_iv__rich__085 saemix returned 1.5s 
2026-09-24 00:21:11 1cmt_iv__rich__090 nlmixr2_focei returned 2.7s 
Calculating -2LL by Gaussian quadrature (nnodes=3,nsd=1.6)
2026-09-24 00:21:20 1cmt_iv__rich__090 nlmixr2_saem returned 9.0s 
2026-09-24 00:21:22 1cmt_iv__rich__090 saemix returned 1.3s 
2026-09-24 00:21:24 1cmt_iv__rich__095 nlmixr2_focei returned 2.2s 
Calculating -2LL by Gaussian quadrature (nnodes=3,nsd=1.6)
2026-09-24 00:21:33 1cmt_iv__rich__095 nlmixr2_saem returned 8.7s 
2026-09-24 00:21:34 1cmt_iv__rich__095 saemix returned 1.7s 
2026-09-24 00:21:37 1cmt_iv__sparse__000 nlmixr2_focei returned 3.0s 
Calculating -2LL by Gaussian quadrature (nnodes=3,nsd=1.6)
2026-09-24 00:21:43 1cmt_iv__sparse__000 nlmixr2_saem returned 5.4s 
2026-09-24 00:21:44 1cmt_iv__sparse__000 saemix returned 1.1s 
2026-09-24 00:21:47 1cmt_iv__sparse__005 nlmixr2_focei returned 2.4s 
Calculating -2LL by Gaussian quadrature (nnodes=3,nsd=1.6)
2026-09-24 00:21:53 1cmt_iv__sparse__005 nlmixr2_saem returned 5.7s 
2026-09-24 00:21:54 1cmt_iv__sparse__005 saemix returned 1.7s 
2026-09-24 00:21:57 1cmt_iv__sparse__010 nlmixr2_focei returned 2.3s 
Calculating -2LL by Gaussian quadrature (nnodes=3,nsd=1.6)
2026-09-24 00:22:02 1cmt_iv__sparse__010 nlmixr2_saem returned 5.2s 
2026-09-24 00:22:03 1cmt_iv__sparse__010 saemix returned 1.1s 
2026-09-24 00:22:05 1cmt_iv__sparse__015 nlmixr2_focei returned 2.1s 
Calculating -2LL by Gaussian quadrature (nnodes=3,nsd=1.6)
2026-09-24 00:22:11 1cmt_iv__sparse__015 nlmixr2_saem returned 5.2s 
2026-09-24 00:22:12 1cmt_iv__sparse__015 saemix returned 1.1s 
2026-09-24 00:22:14 1cmt_iv__sparse__020 nlmixr2_focei returned 2.1s 
Calculating -2LL by Gaussian quadrature (nnodes=3,nsd=1.6)
2026-09-24 00:22:19 1cmt_iv__sparse__020 nlmixr2_saem returned 5.0s 
2026-09-24 00:22:20 1cmt_iv__sparse__020 saemix returned 1.1s 
2026-09-24 00:22:22 1cmt_iv__sparse__025 nlmixr2_focei returned 2.1s 
Calculating -2LL by Gaussian quadrature (nnodes=3,nsd=1.6)
2026-09-24 00:22:27 1cmt_iv__sparse__025 nlmixr2_saem returned 4.8s 
2026-09-24 00:22:29 1cmt_iv__sparse__025 saemix returned 1.6s 
2026-09-24 00:22:31 1cmt_iv__sparse__030 nlmixr2_focei returned 1.9s 
Calculating -2LL by Gaussian quadrature (nnodes=3,nsd=1.6)
2026-09-24 00:22:36 1cmt_iv__sparse__030 nlmixr2_saem returned 5.1s 
2026-09-24 00:22:37 1cmt_iv__sparse__030 saemix returned 1.1s 
2026-09-24 00:22:39 1cmt_iv__sparse__035 nlmixr2_focei returned 2.1s 
Calculating -2LL by Gaussian quadrature (nnodes=3,nsd=1.6)
2026-09-24 00:22:45 1cmt_iv__sparse__035 nlmixr2_saem returned 5.1s 
2026-09-24 00:22:46 1cmt_iv__sparse__035 saemix returned 1.3s 
2026-09-24 00:22:49 1cmt_iv__sparse__040 nlmixr2_focei returned 2.5s 
Calculating -2LL by Gaussian quadrature (nnodes=3,nsd=1.6)
2026-09-24 00:22:54 1cmt_iv__sparse__040 nlmixr2_saem returned 5.4s 
2026-09-24 00:22:55 1cmt_iv__sparse__040 saemix returned 1.2s 
2026-09-24 00:22:58 1cmt_iv__sparse__045 nlmixr2_focei returned 2.8s 
Calculating -2LL by Gaussian quadrature (nnodes=3,nsd=1.6)
2026-09-24 00:23:04 1cmt_iv__sparse__045 nlmixr2_saem returned 5.1s 
2026-09-24 00:23:05 1cmt_iv__sparse__045 saemix returned 1.0s 
2026-09-24 00:23:07 1cmt_iv__sparse__050 nlmixr2_focei returned 1.9s 
Calculating -2LL by Gaussian quadrature (nnodes=3,nsd=1.6)
2026-09-24 00:23:12 1cmt_iv__sparse__050 nlmixr2_saem returned 5.3s 
2026-09-24 00:23:13 1cmt_iv__sparse__050 saemix returned 1.2s 
2026-09-24 00:23:15 1cmt_iv__sparse__055 nlmixr2_focei returned 2.0s 
Calculating -2LL by Gaussian quadrature (nnodes=3,nsd=1.6)
2026-09-24 00:23:21 1cmt_iv__sparse__055 nlmixr2_saem returned 5.1s 
2026-09-24 00:23:22 1cmt_iv__sparse__055 saemix returned 1.0s 
2026-09-24 00:23:24 1cmt_iv__sparse__060 nlmixr2_focei returned 2.1s 
Calculating -2LL by Gaussian quadrature (nnodes=3,nsd=1.6)
2026-09-24 00:23:29 1cmt_iv__sparse__060 nlmixr2_saem returned 5.2s 
2026-09-24 00:23:30 1cmt_iv__sparse__060 saemix returned 1.2s 
2026-09-24 00:23:32 1cmt_iv__sparse__065 nlmixr2_focei returned 1.9s 
Calculating -2LL by Gaussian quadrature (nnodes=3,nsd=1.6)
2026-09-24 00:23:37 1cmt_iv__sparse__065 nlmixr2_saem returned 5.0s 
2026-09-24 00:23:39 1cmt_iv__sparse__065 saemix returned 1.5s 
2026-09-24 00:23:41 1cmt_iv__sparse__070 nlmixr2_focei returned 2.3s 
Calculating -2LL by Gaussian quadrature (nnodes=3,nsd=1.6)
2026-09-24 00:23:47 1cmt_iv__sparse__070 nlmixr2_saem returned 5.3s 
2026-09-24 00:23:48 1cmt_iv__sparse__070 saemix returned 1.1s 
2026-09-24 00:23:50 1cmt_iv__sparse__075 nlmixr2_focei returned 2.2s 
Calculating -2LL by Gaussian quadrature (nnodes=3,nsd=1.6)
2026-09-24 00:23:56 1cmt_iv__sparse__075 nlmixr2_saem returned 5.4s 
2026-09-24 00:23:57 1cmt_iv__sparse__075 saemix returned 1.4s 
2026-09-24 00:23:59 1cmt_iv__sparse__080 nlmixr2_focei returned 2.0s 
Calculating -2LL by Gaussian quadrature (nnodes=3,nsd=1.6)
2026-09-24 00:24:04 1cmt_iv__sparse__080 nlmixr2_saem returned 4.9s 
2026-09-24 00:24:06 1cmt_iv__sparse__080 saemix returned 1.1s 
2026-09-24 00:24:08 1cmt_iv__sparse__085 nlmixr2_focei returned 2.6s 
Calculating -2LL by Gaussian quadrature (nnodes=3,nsd=1.6)
2026-09-24 00:24:15 1cmt_iv__sparse__085 nlmixr2_saem returned 6.2s 
2026-09-24 00:24:16 1cmt_iv__sparse__085 saemix returned 1.1s 
2026-09-24 00:24:18 1cmt_iv__sparse__090 nlmixr2_focei returned 2.1s 
Calculating -2LL by Gaussian quadrature (nnodes=3,nsd=1.6)
2026-09-24 00:24:23 1cmt_iv__sparse__090 nlmixr2_saem returned 5.3s 
2026-09-24 00:24:24 1cmt_iv__sparse__090 saemix returned 1.1s 
2026-09-24 00:24:26 1cmt_iv__sparse__095 nlmixr2_focei returned 1.9s 
Calculating -2LL by Gaussian quadrature (nnodes=3,nsd=1.6)
2026-09-24 00:24:31 1cmt_iv__sparse__095 nlmixr2_saem returned 4.7s 
2026-09-24 00:24:32 1cmt_iv__sparse__095 saemix returned 1.1s 
