complex_linear 49 0.017 1.136 {'CP': 1.0} 11.3
complex_linear 48 0.048 0.957 {'CP': 1.0} 10.3
complex_linear 47 -0.013 1.151 {'CP': 1.0} 10.2
complex_linear 46 -0.017 1.109 {'CP': 1.0} 10.1
complex_linear 45 0.006 1.11 {'CP': 1.0} 10.1
complex_linear 44 -0.033 1.007 {'CP': 0.944} 10.5
complex_linear 43 -0.031 1.114 {'CP': 1.0} 10.7
complex_linear 42 -0.061 0.972 {'CP': 1.0} 10.7
complex_linear 41 0.007 1.064 {'CP': 0.833} 10.0
complex_linear 40 0.047 1.006 {'CP': 1.0} 12.5
complex_linear 39 -0.053 1.032 {'CP': 0.889} 12.1
complex_linear 38 -0.006 0.973 {'CP': 1.0} 10.4
complex_linear 37 0.032 1.158 {'CP': 0.778} 9.6
complex_linear 36 0.029 1.208 {'CP': 0.944} 9.2
complex_linear 35 0.001 0.97 {'CP': 1.0} 8.8
complex_linear 34 -0.031 0.909 {'CP': 0.944} 9.1
complex_linear 33 0.012 1.086 {'CP': 0.944} 9.5
complex_linear 32 -0.048 0.944 {'CP': 0.944} 9.8
complex_linear 31 0.018 1.098 {'CP': 0.778} 8.6
complex_linear 30 -0.023 0.982 {'CP': 1.0} 9.0
complex_linear 29 -0.06 0.977 {'CP': 1.0} 9.5
complex_linear 28 0.0 0.912 {'CP': 0.833} 9.4
complex_linear 27 0.08 1.113 {'CP': 1.0} 9.0
complex_linear 26 -0.033 1.037 {'CP': 1.0} 9.4
complex_linear 25 -0.017 0.955 {'CP': 0.944} 9.5
complex_linear 24 -0.039 1.019 {'CP': 0.833} 9.3
complex_linear 23 -0.004 1.106 {'CP': 1.0} 9.4
complex_linear 22 -0.04 0.995 {'CP': 1.0} 9.2
complex_linear 21 -0.067 0.915 {'CP': 0.944} 9.6
complex_linear 20 0.028 1.006 {'CP': 1.0} 10.1
complex_linear 19 -0.046 0.938 {'CP': 0.944} 9.8
complex_linear 18 -0.103 0.991 {'CP': 0.889} 9.7
complex_linear 17 -0.023 0.929 {'CP': 0.944} 9.7
complex_linear 16 0.027 1.167 {'CP': 1.0} 10.0
complex_linear 15 -0.051 0.914 {'CP': 1.0} 9.6
complex_linear 14 0.03 1.048 {'CP': 0.833} 8.1
complex_linear 13 0.017 1.11 {'CP': 1.0} 8.3
complex_linear 12 -0.084 0.9 {'CP': 0.944} 9.6
complex_linear 11 0.009 0.961 {'CP': 0.944} 8.9
complex_linear 10 0.003 1.085 {'CP': 1.0} 9.2
complex_linear 9 0.042 1.078 {'CP': 1.0} 9.1
complex_linear 8 -0.004 1.043 {'CP': 0.944} 9.5
complex_linear 7 -0.055 1.041 {'CP': 0.944} 9.0
complex_linear 6 -0.052 0.922 {'CP': 1.0} 8.6
