pkpd_idr 0 -0.035 1.164 {'CP': 1.0, 'R': 0.952} 90.7
pkpd_idr 1 0.011 1.042 {'CP': 0.8, 'R': 0.952} 86.8
pkpd_idr 2 -0.054 0.827 {'CP': 0.8, 'R': 0.952} 83.9
pkpd_idr 3 -0.051 1.019 {'CP': 0.933, 'R': 0.905} 81.7
pkpd_idr 4 -0.01 1.1 {'CP': 0.933, 'R': 0.905} 83.1
pkpd_idr 5 0.058 1.014 {'CP': 0.933, 'R': 0.857} 91.0
pkpd_idr 6 -0.074 1.068 {'CP': 0.933, 'R': 1.0} 88.3
pkpd_idr 7 -0.022 0.99 {'CP': 1.0, 'R': 1.0} 87.6
pkpd_idr 8 0.001 0.922 {'CP': 1.0, 'R': 1.0} 79.8
pkpd_idr 9 -0.001 1.029 {'CP': 1.0, 'R': 1.0} 81.1
pkpd_idr 10 -0.052 0.946 {'CP': 0.867, 'R': 0.952} 87.1
pkpd_idr 11 -0.03 0.985 {'CP': 1.0, 'R': 0.952} 89.4
pkpd_idr 12 0.006 1.129 {'CP': 0.933, 'R': 0.905} 89.9
pkpd_idr 13 0.008 0.918 {'CP': 0.933, 'R': 1.0} 85.3
pkpd_idr 14 0.057 0.942 {'CP': 1.0, 'R': 0.905} 82.2
pkpd_idr 15 0.017 0.998 {'CP': 1.0, 'R': 1.0} 85.0
pkpd_idr 16 0.04 1.006 {'CP': 0.933, 'R': 0.952} 93.1
pkpd_idr 17 0.007 0.995 {'CP': 0.933, 'R': 0.857} 90.0
pkpd_idr 18 0.019 1.03 {'CP': 1.0, 'R': 0.905} 91.9
pkpd_idr 19 0.057 0.936 {'CP': 1.0, 'R': 0.952} 88.6
pkpd_idr 20 0.063 0.928 {'CP': 0.933, 'R': 1.0} 83.8
pkpd_idr 21 0.045 1.077 {'CP': 1.0, 'R': 0.952} 87.5
pkpd_idr 22 0.042 0.963 {'CP': 0.933, 'R': 1.0} 91.8
pkpd_idr 23 0.05 1.095 {'CP': 1.0, 'R': 0.81} 89.4
pkpd_idr 24 0.058 1.075 {'CP': 0.933, 'R': 0.857} 93.3
pkpd_idr 25 -0.032 1.079 {'CP': 0.933, 'R': 0.952} 92.5
pkpd_idr 26 -0.093 0.954 {'CP': 0.933, 'R': 0.762} 97.8
pkpd_idr 27 -0.008 0.877 {'CP': 1.0, 'R': 0.952} 86.3
pkpd_idr 28 0.039 1.166 {'CP': 1.0, 'R': 1.0} 89.4
pkpd_idr 29 -0.012 0.966 {'CP': 0.933, 'R': 0.952} 100.1
