fit converged 352.7828 18.0
uncertainty computed 20.1
profile theta:CL [2.3606, 3.2739] wald [2.3999, 3.2359] 74.5
profile theta:V [29.6875, 35.7587] wald [29.8498, 35.4802] 92.2
profile theta:Ka [0.9793, 2.3849] wald [1.0041, 2.2509] 101.7
profile omega:CL [0.0293, 0.1762] wald [0.0268, 0.1577] 96.0
profile omega:V [0.0036, 0.0475] wald [0.0045, 0.0479] 107.3
profile omega:Ka [0.1961, 1.3195] wald [0.179, 1.1643] 85.2
sir 82.1 ess 213.0
 boot 0 converged
 boot 1 converged
 boot 2 converged
 boot 3 converged
 boot 4 converged
 boot 5 converged
 boot 6 converged
 boot 7 converged
 boot 8 converged
 boot 9 converged
 boot 10 converged
 boot 11 converged
 boot 12 converged
 boot 13 converged
 boot 14 converged
 boot 15 converged
 boot 16 converged
 boot 17 converged
 boot 18 converged
 boot 19 converged
 boot 20 converged
 boot 21 converged
 boot 22 converged
 boot 23 converged
 boot 24 converged
 boot 25 converged
 boot 26 converged
 boot 27 converged
 boot 28 converged
 boot 29 converged
 boot 30 converged
 boot 31 converged
 boot 32 converged
 boot 33 converged
 boot 34 converged
 boot 35 converged
 boot 36 converged
 boot 37 converged
 boot 38 converged
 boot 39 converged
 boot 40 converged
 boot 41 converged
 boot 42 converged
 boot 43 converged
 boot 44 converged
 boot 45 converged
 boot 46 converged
 boot 47 converged
 boot 48 converged
 boot 49 converged
 boot 50 converged
 boot 51 converged
 boot 52 converged
 boot 53 converged
 boot 54 converged
 boot 55 converged
 boot 56 converged
 boot 57 converged
 boot 58 converged
 boot 59 converged
 boot 60 converged
 boot 61 converged
 boot 62 converged
 boot 63 converged
 boot 64 converged
 boot 65 converged
 boot 66 converged
 boot 67 converged
 boot 68 converged
 boot 69 converged
 boot 70 converged
 boot 71 converged
 boot 72 converged
 boot 73 converged
 boot 74 converged
 boot 75 converged
 boot 76 converged
 boot 77 converged
 boot 78 converged
 boot 79 converged
 boot 80 converged
 boot 81 converged
 boot 82 converged
 boot 83 converged
 boot 84 converged
 boot 85 converged
 boot 86 converged
 boot 87 converged
 boot 88 converged
 boot 89 converged
 boot 90 converged
 boot 91 converged
 boot 92 converged
 boot 93 converged
 boot 94 converged
 boot 95 converged
 boot 96 converged
 boot 97 converged
 boot 98 converged
 boot 99 converged
 boot 100 converged
 boot 101 converged
 boot 102 converged
 boot 103 converged
 boot 104 converged
 boot 105 converged
 boot 106 converged
 boot 107 converged
 boot 108 converged
 boot 109 converged
 boot 110 converged
 boot 111 converged
 boot 112 converged
 boot 113 converged
 boot 114 converged
 boot 115 converged
 boot 116 converged
 boot 117 converged
 boot 118 converged
 boot 119 converged
 boot 120 converged
 boot 121 converged
 boot 122 converged
 boot 123 converged
 boot 124 converged
 boot 125 converged
 boot 126 converged
 boot 127 converged
 boot 128 converged
 boot 129 converged
 boot 130 converged
 boot 131 converged
 boot 132 converged
 boot 133 converged
 boot 134 converged
 boot 135 converged
 boot 136 converged
 boot 137 converged
 boot 138 converged
 boot 139 converged
 boot 140 converged
 boot 141 converged
 boot 142 converged
 boot 143 converged
 boot 144 converged
 boot 145 converged
 boot 146 converged
 boot 147 converged
 boot 148 converged
 boot 149 converged
 boot 150 converged
 boot 151 converged
 boot 152 converged
 boot 153 converged
 boot 154 converged
 boot 155 converged
 boot 156 converged
 boot 157 converged
 boot 158 converged
 boot 159 converged
 boot 160 converged
 boot 161 converged
 boot 162 converged
 boot 163 converged
 boot 164 converged
 boot 165 converged
 boot 166 converged
 boot 167 converged
 boot 168 converged
 boot 169 converged
 boot 170 converged
 boot 171 converged
 boot 172 converged
 boot 173 converged
 boot 174 converged
 boot 175 converged
 boot 176 converged
 boot 177 converged
 boot 178 converged
 boot 179 converged
 boot 180 converged
 boot 181 converged
 boot 182 converged
 boot 183 converged
 boot 184 converged
 boot 185 converged
 boot 186 converged
 boot 187 converged
 boot 188 converged
 boot 189 converged
 boot 190 converged
 boot 191 converged
 boot 192 converged
 boot 193 converged
 boot 194 converged
 boot 195 converged
 boot 196 converged
 boot 197 converged
 boot 198 converged
 boot 199 converged
bootstrap 200 of 200 1702.0
